(node:2788) [DEP0190] DeprecationWarning: Passing args to a child process with shell option true can lead to security vulnerabilities, as the arguments are not escaped, only concatenated.
(Use `node --trace-deprecation ...` to show where the warning was created)
[32m[Nest] 13780  - [39m05/17/2026, 8:38:53 PM [32m    LOG[39m [38;5;3m[NestFactory] [39m[32mStarting Nest application...[39m
[32m[Nest] 13780  - [39m05/17/2026, 8:38:54 PM [32m    LOG[39m [38;5;3m[InstanceLoader] [39m[32mPassportModule dependencies initialized[39m[38;5;3m +269ms[39m
[32m[Nest] 13780  - [39m05/17/2026, 8:38:54 PM [32m    LOG[39m [38;5;3m[InstanceLoader] [39m[32mThrottlerModule dependencies initialized[39m[38;5;3m +1ms[39m
[32m[Nest] 13780  - [39m05/17/2026, 8:38:54 PM [32m    LOG[39m [38;5;3m[InstanceLoader] [39m[32mConfigHostModule dependencies initialized[39m[38;5;3m +1ms[39m
[32m[Nest] 13780  - [39m05/17/2026, 8:38:54 PM [32m    LOG[39m [38;5;3m[InstanceLoader] [39m[32mCustomersModule dependencies initialized[39m[38;5;3m +1ms[39m
[32m[Nest] 13780  - [39m05/17/2026, 8:38:54 PM [32m    LOG[39m [38;5;3m[InstanceLoader] [39m[32mSuppliersModule dependencies initialized[39m[38;5;3m +1ms[39m
[32m[Nest] 13780  - [39m05/17/2026, 8:38:54 PM [32m    LOG[39m [38;5;3m[InstanceLoader] [39m[32mLeadsModule dependencies initialized[39m[38;5;3m +0ms[39m
[32m[Nest] 13780  - [39m05/17/2026, 8:38:54 PM [32m    LOG[39m [38;5;3m[InstanceLoader] [39m[32mQuotationsModule dependencies initialized[39m[38;5;3m +0ms[39m
[32m[Nest] 13780  - [39m05/17/2026, 8:38:54 PM [32m    LOG[39m [38;5;3m[InstanceLoader] [39m[32mGroupToursModule dependencies initialized[39m[38;5;3m +0ms[39m
[32m[Nest] 13780  - [39m05/17/2026, 8:38:54 PM [32m    LOG[39m [38;5;3m[InstanceLoader] [39m[32mConfigModule dependencies initialized[39m[38;5;3m +0ms[39m
[32m[Nest] 13780  - [39m05/17/2026, 8:38:54 PM [32m    LOG[39m [38;5;3m[InstanceLoader] [39m[32mConfigModule dependencies initialized[39m[38;5;3m +1ms[39m
[32m[Nest] 13780  - [39m05/17/2026, 8:38:54 PM [32m    LOG[39m [38;5;3m[InstanceLoader] [39m[32mAppModule dependencies initialized[39m[38;5;3m +3ms[39m
[32m[Nest] 13780  - [39m05/17/2026, 8:38:54 PM [32m    LOG[39m [38;5;3m[InstanceLoader] [39m[32mJwtModule dependencies initialized[39m[38;5;3m +0ms[39m
[32m[Nest] 13780  - [39m05/17/2026, 8:38:54 PM [32m    LOG[39m [38;5;3m[InstanceLoader] [39m[32mItinerariesModule dependencies initialized[39m[38;5;3m +0ms[39m
[32m[Nest] 13780  - [39m05/17/2026, 8:38:54 PM [32m    LOG[39m [38;5;3m[InstanceLoader] [39m[32mToursModule dependencies initialized[39m[38;5;3m +0ms[39m
[32m[Nest] 13780  - [39m05/17/2026, 8:38:54 PM [32m    LOG[39m [38;5;3m[InstanceLoader] [39m[32mBookingsModule dependencies initialized[39m[38;5;3m +0ms[39m
[32m[Nest] 13780  - [39m05/17/2026, 8:38:54 PM [32m    LOG[39m [38;5;3m[InstanceLoader] [39m[32mFinanceModule dependencies initialized[39m[38;5;3m +0ms[39m
[32m[Nest] 13780  - [39m05/17/2026, 8:38:54 PM [32m    LOG[39m [38;5;3m[InstanceLoader] [39m[32mAuthModule dependencies initialized[39m[38;5;3m +1ms[39m
[32m[Nest] 13780  - [39m05/17/2026, 8:38:54 PM [32m    LOG[39m [38;5;3m[Bootstrap] [39m[32m📚 Swagger: http://localhost:3001/api/docs[39m
[32m[Nest] 13780  - [39m05/17/2026, 8:38:54 PM [32m    LOG[39m [38;5;3m[RoutesResolver] [39m[32mAuthController {/api/auth} (version: 1):[39m[38;5;3m +5ms[39m
[32m[Nest] 13780  - [39m05/17/2026, 8:38:54 PM [32m    LOG[39m [38;5;3m[RouterExplorer] [39m[32mMapped {/api/auth/login, POST} (version: 1) route[39m[38;5;3m +6ms[39m
[32m[Nest] 13780  - [39m05/17/2026, 8:38:54 PM [32m    LOG[39m [38;5;3m[RouterExplorer] [39m[32mMapped {/api/auth/me, GET} (version: 1) route[39m[38;5;3m +0ms[39m
[32m[Nest] 13780  - [39m05/17/2026, 8:38:54 PM [32m    LOG[39m [38;5;3m[RoutesResolver] [39m[32mCustomersController {/api/customers} (version: 1):[39m[38;5;3m +0ms[39m
[32m[Nest] 13780  - [39m05/17/2026, 8:38:54 PM [32m    LOG[39m [38;5;3m[RouterExplorer] [39m[32mMapped {/api/customers, POST} (version: 1) route[39m[38;5;3m +1ms[39m
[32m[Nest] 13780  - [39m05/17/2026, 8:38:54 PM [32m    LOG[39m [38;5;3m[RouterExplorer] [39m[32mMapped {/api/customers, GET} (version: 1) route[39m[38;5;3m +0ms[39m
[32m[Nest] 13780  - [39m05/17/2026, 8:38:54 PM [32m    LOG[39m [38;5;3m[RouterExplorer] [39m[32mMapped {/api/customers/stats, GET} (version: 1) route[39m[38;5;3m +1ms[39m
[32m[Nest] 13780  - [39m05/17/2026, 8:38:54 PM [32m    LOG[39m [38;5;3m[RouterExplorer] [39m[32mMapped {/api/customers/:id, GET} (version: 1) route[39m[38;5;3m +0ms[39m
[32m[Nest] 13780  - [39m05/17/2026, 8:38:54 PM [32m    LOG[39m [38;5;3m[RouterExplorer] [39m[32mMapped {/api/customers/:id, PATCH} (version: 1) route[39m[38;5;3m +0ms[39m
[32m[Nest] 13780  - [39m05/17/2026, 8:38:54 PM [32m    LOG[39m [38;5;3m[RouterExplorer] [39m[32mMapped {/api/customers/:id, DELETE} (version: 1) route[39m[38;5;3m +0ms[39m
[32m[Nest] 13780  - [39m05/17/2026, 8:38:54 PM [32m    LOG[39m [38;5;3m[RoutesResolver] [39m[32mSuppliersController {/api/suppliers} (version: 1):[39m[38;5;3m +1ms[39m
[32m[Nest] 13780  - [39m05/17/2026, 8:38:54 PM [32m    LOG[39m [38;5;3m[RouterExplorer] [39m[32mMapped {/api/suppliers/:supplierId/resources, POST} (version: 1) route[39m[38;5;3m +3ms[39m
[32m[Nest] 13780  - [39m05/17/2026, 8:38:54 PM [32m    LOG[39m [38;5;3m[RouterExplorer] [39m[32mMapped {/api/suppliers/:supplierId/resources, GET} (version: 1) route[39m[38;5;3m +0ms[39m
[32m[Nest] 13780  - [39m05/17/2026, 8:38:54 PM [32m    LOG[39m [38;5;3m[RouterExplorer] [39m[32mMapped {/api/suppliers/:supplierId/resources/:resourceId, GET} (version: 1) route[39m[38;5;3m +1ms[39m
[32m[Nest] 13780  - [39m05/17/2026, 8:38:54 PM [32m    LOG[39m [38;5;3m[RouterExplorer] [39m[32mMapped {/api/suppliers/:supplierId/resources/:resourceId, PATCH} (version: 1) route[39m[38;5;3m +0ms[39m
[32m[Nest] 13780  - [39m05/17/2026, 8:38:54 PM [32m    LOG[39m [38;5;3m[RouterExplorer] [39m[32mMapped {/api/suppliers/:supplierId/resources/:resourceId, DELETE} (version: 1) route[39m[38;5;3m +1ms[39m
[32m[Nest] 13780  - [39m05/17/2026, 8:38:54 PM [32m    LOG[39m [38;5;3m[RouterExplorer] [39m[32mMapped {/api/suppliers, POST} (version: 1) route[39m[38;5;3m +0ms[39m
[32m[Nest] 13780  - [39m05/17/2026, 8:38:54 PM [32m    LOG[39m [38;5;3m[RouterExplorer] [39m[32mMapped {/api/suppliers, GET} (version: 1) route[39m[38;5;3m +0ms[39m
[32m[Nest] 13780  - [39m05/17/2026, 8:38:54 PM [32m    LOG[39m [38;5;3m[RouterExplorer] [39m[32mMapped {/api/suppliers/stats, GET} (version: 1) route[39m[38;5;3m +1ms[39m
[32m[Nest] 13780  - [39m05/17/2026, 8:38:54 PM [32m    LOG[39m [38;5;3m[RouterExplorer] [39m[32mMapped {/api/suppliers/:id, GET} (version: 1) route[39m[38;5;3m +0ms[39m
[32m[Nest] 13780  - [39m05/17/2026, 8:38:54 PM [32m    LOG[39m [38;5;3m[RouterExplorer] [39m[32mMapped {/api/suppliers/:id, PATCH} (version: 1) route[39m[38;5;3m +1ms[39m
[32m[Nest] 13780  - [39m05/17/2026, 8:38:54 PM [32m    LOG[39m [38;5;3m[RouterExplorer] [39m[32mMapped {/api/suppliers/:id, DELETE} (version: 1) route[39m[38;5;3m +0ms[39m
[32m[Nest] 13780  - [39m05/17/2026, 8:38:54 PM [32m    LOG[39m [38;5;3m[RoutesResolver] [39m[32mLeadsController {/api/leads} (version: 1):[39m[38;5;3m +0ms[39m
[32m[Nest] 13780  - [39m05/17/2026, 8:38:54 PM [32m    LOG[39m [38;5;3m[RouterExplorer] [39m[32mMapped {/api/leads, POST} (version: 1) route[39m[38;5;3m +2ms[39m
[32m[Nest] 13780  - [39m05/17/2026, 8:38:54 PM [32m    LOG[39m [38;5;3m[RouterExplorer] [39m[32mMapped {/api/leads, GET} (version: 1) route[39m[38;5;3m +1ms[39m
[32m[Nest] 13780  - [39m05/17/2026, 8:38:54 PM [32m    LOG[39m [38;5;3m[RouterExplorer] [39m[32mMapped {/api/leads/kanban, GET} (version: 1) route[39m[38;5;3m +0ms[39m
[32m[Nest] 13780  - [39m05/17/2026, 8:38:54 PM [32m    LOG[39m [38;5;3m[RouterExplorer] [39m[32mMapped {/api/leads/stats, GET} (version: 1) route[39m[38;5;3m +0ms[39m
[32m[Nest] 13780  - [39m05/17/2026, 8:38:54 PM [32m    LOG[39m [38;5;3m[RouterExplorer] [39m[32mMapped {/api/leads/:id, GET} (version: 1) route[39m[38;5;3m +1ms[39m
[32m[Nest] 13780  - [39m05/17/2026, 8:38:54 PM [32m    LOG[39m [38;5;3m[RouterExplorer] [39m[32mMapped {/api/leads/:id, PATCH} (version: 1) route[39m[38;5;3m +1ms[39m
[32m[Nest] 13780  - [39m05/17/2026, 8:38:54 PM [32m    LOG[39m [38;5;3m[RouterExplorer] [39m[32mMapped {/api/leads/:id/status, PATCH} (version: 1) route[39m[38;5;3m +0ms[39m
[32m[Nest] 13780  - [39m05/17/2026, 8:38:54 PM [32m    LOG[39m [38;5;3m[RouterExplorer] [39m[32mMapped {/api/leads/:id/activities, POST} (version: 1) route[39m[38;5;3m +0ms[39m
[32m[Nest] 13780  - [39m05/17/2026, 8:38:54 PM [32m    LOG[39m [38;5;3m[RouterExplorer] [39m[32mMapped {/api/leads/:id, DELETE} (version: 1) route[39m[38;5;3m +0ms[39m
[32m[Nest] 13780  - [39m05/17/2026, 8:38:54 PM [32m    LOG[39m [38;5;3m[RoutesResolver] [39m[32mQuotationsController {/api/quotations} (version: 1):[39m[38;5;3m +0ms[39m
[32m[Nest] 13780  - [39m05/17/2026, 8:38:54 PM [32m    LOG[39m [38;5;3m[RouterExplorer] [39m[32mMapped {/api/quotations, POST} (version: 1) route[39m[38;5;3m +2ms[39m
[32m[Nest] 13780  - [39m05/17/2026, 8:38:54 PM [32m    LOG[39m [38;5;3m[RouterExplorer] [39m[32mMapped {/api/quotations, GET} (version: 1) route[39m[38;5;3m +2ms[39m
[32m[Nest] 13780  - [39m05/17/2026, 8:38:54 PM [32m    LOG[39m [38;5;3m[RouterExplorer] [39m[32mMapped {/api/quotations/stats, GET} (version: 1) route[39m[38;5;3m +1ms[39m
[32m[Nest] 13780  - [39m05/17/2026, 8:38:54 PM [32m    LOG[39m [38;5;3m[RouterExplorer] [39m[32mMapped {/api/quotations/:id, GET} (version: 1) route[39m[38;5;3m +2ms[39m
[32m[Nest] 13780  - [39m05/17/2026, 8:38:54 PM [32m    LOG[39m [38;5;3m[RouterExplorer] [39m[32mMapped {/api/quotations/:id, PATCH} (version: 1) route[39m[38;5;3m +0ms[39m
[32m[Nest] 13780  - [39m05/17/2026, 8:38:54 PM [32m    LOG[39m [38;5;3m[RouterExplorer] [39m[32mMapped {/api/quotations/:id/status, PATCH} (version: 1) route[39m[38;5;3m +9ms[39m
[32m[Nest] 13780  - [39m05/17/2026, 8:38:54 PM [32m    LOG[39m [38;5;3m[RouterExplorer] [39m[32mMapped {/api/quotations/:id/duplicate, POST} (version: 1) route[39m[38;5;3m +0ms[39m
[32m[Nest] 13780  - [39m05/17/2026, 8:38:54 PM [32m    LOG[39m [38;5;3m[RoutesResolver] [39m[32mItinerariesController {/api/itineraries} (version: 1):[39m[38;5;3m +1ms[39m
[32m[Nest] 13780  - [39m05/17/2026, 8:38:54 PM [32m    LOG[39m [38;5;3m[RouterExplorer] [39m[32mMapped {/api/itineraries, POST} (version: 1) route[39m[38;5;3m +0ms[39m
[32m[Nest] 13780  - [39m05/17/2026, 8:38:54 PM [32m    LOG[39m [38;5;3m[RouterExplorer] [39m[32mMapped {/api/itineraries, GET} (version: 1) route[39m[38;5;3m +0ms[39m
[32m[Nest] 13780  - [39m05/17/2026, 8:38:54 PM [32m    LOG[39m [38;5;3m[RouterExplorer] [39m[32mMapped {/api/itineraries/:id, GET} (version: 1) route[39m[38;5;3m +0ms[39m
[32m[Nest] 13780  - [39m05/17/2026, 8:38:54 PM [32m    LOG[39m [38;5;3m[RouterExplorer] [39m[32mMapped {/api/itineraries/:id, PATCH} (version: 1) route[39m[38;5;3m +1ms[39m
[32m[Nest] 13780  - [39m05/17/2026, 8:38:54 PM [32m    LOG[39m [38;5;3m[RouterExplorer] [39m[32mMapped {/api/itineraries/:id, DELETE} (version: 1) route[39m[38;5;3m +0ms[39m
[32m[Nest] 13780  - [39m05/17/2026, 8:38:54 PM [32m    LOG[39m [38;5;3m[RouterExplorer] [39m[32mMapped {/api/itineraries/:id/versions, POST} (version: 1) route[39m[38;5;3m +0ms[39m
[32m[Nest] 13780  - [39m05/17/2026, 8:38:54 PM [32m    LOG[39m [38;5;3m[RouterExplorer] [39m[32mMapped {/api/itineraries/:id/versions, GET} (version: 1) route[39m[38;5;3m +0ms[39m
[32m[Nest] 13780  - [39m05/17/2026, 8:38:54 PM [32m    LOG[39m [38;5;3m[RouterExplorer] [39m[32mMapped {/api/itineraries/:id/versions/:vid, GET} (version: 1) route[39m[38;5;3m +0ms[39m
[32m[Nest] 13780  - [39m05/17/2026, 8:38:54 PM [32m    LOG[39m [38;5;3m[RouterExplorer] [39m[32mMapped {/api/itineraries/:id/versions/:vid, PATCH} (version: 1) route[39m[38;5;3m +1ms[39m
[32m[Nest] 13780  - [39m05/17/2026, 8:38:54 PM [32m    LOG[39m [38;5;3m[RouterExplorer] [39m[32mMapped {/api/itineraries/:id/versions/:vid/activate, POST} (version: 1) route[39m[38;5;3m +0ms[39m
[32m[Nest] 13780  - [39m05/17/2026, 8:38:54 PM [32m    LOG[39m [38;5;3m[RoutesResolver] [39m[32mGroupToursController {/api/group-tours} (version: 1):[39m[38;5;3m +0ms[39m
[32m[Nest] 13780  - [39m05/17/2026, 8:38:54 PM [32m    LOG[39m [38;5;3m[RouterExplorer] [39m[32mMapped {/api/group-tours/templates, POST} (version: 1) route[39m[38;5;3m +0ms[39m
[32m[Nest] 13780  - [39m05/17/2026, 8:38:54 PM [32m    LOG[39m [38;5;3m[RouterExplorer] [39m[32mMapped {/api/group-tours/templates, GET} (version: 1) route[39m[38;5;3m +0ms[39m
[32m[Nest] 13780  - [39m05/17/2026, 8:38:54 PM [32m    LOG[39m [38;5;3m[RouterExplorer] [39m[32mMapped {/api/group-tours/templates/:id, GET} (version: 1) route[39m[38;5;3m +0ms[39m
[32m[Nest] 13780  - [39m05/17/2026, 8:38:54 PM [32m    LOG[39m [38;5;3m[RouterExplorer] [39m[32mMapped {/api/group-tours/templates/:id, PATCH} (version: 1) route[39m[38;5;3m +1ms[39m
[32m[Nest] 13780  - [39m05/17/2026, 8:38:54 PM [32m    LOG[39m [38;5;3m[RouterExplorer] [39m[32mMapped {/api/group-tours/templates/:id, DELETE} (version: 1) route[39m[38;5;3m +0ms[39m
[32m[Nest] 13780  - [39m05/17/2026, 8:38:54 PM [32m    LOG[39m [38;5;3m[RouterExplorer] [39m[32mMapped {/api/group-tours/templates/:id/days, POST} (version: 1) route[39m[38;5;3m +0ms[39m
[32m[Nest] 13780  - [39m05/17/2026, 8:38:54 PM [32m    LOG[39m [38;5;3m[RouterExplorer] [39m[32mMapped {/api/group-tours/templates/:id/days/:dayId, PATCH} (version: 1) route[39m[38;5;3m +1ms[39m
[32m[Nest] 13780  - [39m05/17/2026, 8:38:54 PM [32m    LOG[39m [38;5;3m[RouterExplorer] [39m[32mMapped {/api/group-tours/templates/:id/days/:dayId, DELETE} (version: 1) route[39m[38;5;3m +0ms[39m
[32m[Nest] 13780  - [39m05/17/2026, 8:38:54 PM [32m    LOG[39m [38;5;3m[RouterExplorer] [39m[32mMapped {/api/group-tours/templates/:id/days/:dayId/activities, POST} (version: 1) route[39m[38;5;3m +0ms[39m
[32m[Nest] 13780  - [39m05/17/2026, 8:38:54 PM [32m    LOG[39m [38;5;3m[RouterExplorer] [39m[32mMapped {/api/group-tours/templates/:id/days/:dayId/activities/:activityId, PATCH} (version: 1) route[39m[38;5;3m +1ms[39m
[32m[Nest] 13780  - [39m05/17/2026, 8:38:54 PM [32m    LOG[39m [38;5;3m[RouterExplorer] [39m[32mMapped {/api/group-tours/templates/:id/days/:dayId/activities/:activityId, DELETE} (version: 1) route[39m[38;5;3m +1ms[39m
[32m[Nest] 13780  - [39m05/17/2026, 8:38:54 PM [32m    LOG[39m [38;5;3m[RouterExplorer] [39m[32mMapped {/api/group-tours/templates/:id/copy, POST} (version: 1) route[39m[38;5;3m +1ms[39m
[32m[Nest] 13780  - [39m05/17/2026, 8:38:54 PM [32m    LOG[39m [38;5;3m[RoutesResolver] [39m[32mToursController {/api/tours} (version: 1):[39m[38;5;3m +1ms[39m
[32m[Nest] 13780  - [39m05/17/2026, 8:38:54 PM [32m    LOG[39m [38;5;3m[RouterExplorer] [39m[32mMapped {/api/tours/stats, GET} (version: 1) route[39m[38;5;3m +3ms[39m
[32m[Nest] 13780  - [39m05/17/2026, 8:38:54 PM [32m    LOG[39m [38;5;3m[RouterExplorer] [39m[32mMapped {/api/tours, GET} (version: 1) route[39m[38;5;3m +0ms[39m
[32m[Nest] 13780  - [39m05/17/2026, 8:38:54 PM [32m    LOG[39m [38;5;3m[RouterExplorer] [39m[32mMapped {/api/tours/:id, GET} (version: 1) route[39m[38;5;3m +0ms[39m
[32m[Nest] 13780  - [39m05/17/2026, 8:38:54 PM [32m    LOG[39m [38;5;3m[RouterExplorer] [39m[32mMapped {/api/tours, POST} (version: 1) route[39m[38;5;3m +0ms[39m
[32m[Nest] 13780  - [39m05/17/2026, 8:38:54 PM [32m    LOG[39m [38;5;3m[RouterExplorer] [39m[32mMapped {/api/tours/:id, PATCH} (version: 1) route[39m[38;5;3m +1ms[39m
[32m[Nest] 13780  - [39m05/17/2026, 8:38:54 PM [32m    LOG[39m [38;5;3m[RouterExplorer] [39m[32mMapped {/api/tours/:id/status, PATCH} (version: 1) route[39m[38;5;3m +1ms[39m
[32m[Nest] 13780  - [39m05/17/2026, 8:38:54 PM [32m    LOG[39m [38;5;3m[RouterExplorer] [39m[32mMapped {/api/tours/:id/assignments, POST} (version: 1) route[39m[38;5;3m +1ms[39m
[32m[Nest] 13780  - [39m05/17/2026, 8:38:54 PM [32m    LOG[39m [38;5;3m[RouterExplorer] [39m[32mMapped {/api/tours/:id/assignments/:assignmentId, DELETE} (version: 1) route[39m[38;5;3m +1ms[39m
[32m[Nest] 13780  - [39m05/17/2026, 8:38:54 PM [32m    LOG[39m [38;5;3m[RouterExplorer] [39m[32mMapped {/api/tours/:id/incidents, POST} (version: 1) route[39m[38;5;3m +0ms[39m
[32m[Nest] 13780  - [39m05/17/2026, 8:38:54 PM [32m    LOG[39m [38;5;3m[RouterExplorer] [39m[32mMapped {/api/tours/convert-from-quotation/:quotationId, POST} (version: 1) route[39m[38;5;3m +0ms[39m
[32m[Nest] 13780  - [39m05/17/2026, 8:38:54 PM [32m    LOG[39m [38;5;3m[RoutesResolver] [39m[32mBookingsController {/api/bookings} (version: 1):[39m[38;5;3m +0ms[39m
[32m[Nest] 13780  - [39m05/17/2026, 8:38:54 PM [32m    LOG[39m [38;5;3m[RouterExplorer] [39m[32mMapped {/api/bookings/stats, GET} (version: 1) route[39m[38;5;3m +1ms[39m
[32m[Nest] 13780  - [39m05/17/2026, 8:38:54 PM [32m    LOG[39m [38;5;3m[RouterExplorer] [39m[32mMapped {/api/bookings, GET} (version: 1) route[39m[38;5;3m +0ms[39m
[32m[Nest] 13780  - [39m05/17/2026, 8:38:54 PM [32m    LOG[39m [38;5;3m[RouterExplorer] [39m[32mMapped {/api/bookings/:id, GET} (version: 1) route[39m[38;5;3m +0ms[39m
[32m[Nest] 13780  - [39m05/17/2026, 8:38:54 PM [32m    LOG[39m [38;5;3m[RouterExplorer] [39m[32mMapped {/api/bookings, POST} (version: 1) route[39m[38;5;3m +1ms[39m
[32m[Nest] 13780  - [39m05/17/2026, 8:38:54 PM [32m    LOG[39m [38;5;3m[RouterExplorer] [39m[32mMapped {/api/bookings/:id, PATCH} (version: 1) route[39m[38;5;3m +0ms[39m
[32m[Nest] 13780  - [39m05/17/2026, 8:38:54 PM [32m    LOG[39m [38;5;3m[RouterExplorer] [39m[32mMapped {/api/bookings/:id/status, PATCH} (version: 1) route[39m[38;5;3m +0ms[39m
[32m[Nest] 13780  - [39m05/17/2026, 8:38:54 PM [32m    LOG[39m [38;5;3m[RouterExplorer] [39m[32mMapped {/api/bookings/:id/payments, POST} (version: 1) route[39m[38;5;3m +0ms[39m
[32m[Nest] 13780  - [39m05/17/2026, 8:38:54 PM [32m    LOG[39m [38;5;3m[RoutesResolver] [39m[32mFinanceController {/api/finance} (version: 1):[39m[38;5;3m +1ms[39m
[32m[Nest] 13780  - [39m05/17/2026, 8:38:54 PM [32m    LOG[39m [38;5;3m[RouterExplorer] [39m[32mMapped {/api/finance/overview, GET} (version: 1) route[39m[38;5;3m +0ms[39m
[32m[Nest] 13780  - [39m05/17/2026, 8:38:54 PM [32m    LOG[39m [38;5;3m[RouterExplorer] [39m[32mMapped {/api/finance/ap, GET} (version: 1) route[39m[38;5;3m +0ms[39m
[32m[Nest] 13780  - [39m05/17/2026, 8:38:54 PM [32m    LOG[39m [38;5;3m[RouterExplorer] [39m[32mMapped {/api/finance/invoices, GET} (version: 1) route[39m[38;5;3m +1ms[39m
[32m[Nest] 13780  - [39m05/17/2026, 8:38:54 PM [32m    LOG[39m [38;5;3m[RouterExplorer] [39m[32mMapped {/api/finance/invoices/:id, GET} (version: 1) route[39m[38;5;3m +0ms[39m
[32m[Nest] 13780  - [39m05/17/2026, 8:38:54 PM [32m    LOG[39m [38;5;3m[RouterExplorer] [39m[32mMapped {/api/finance/invoices, POST} (version: 1) route[39m[38;5;3m +0ms[39m
[32m[Nest] 13780  - [39m05/17/2026, 8:38:54 PM [32m    LOG[39m [38;5;3m[RouterExplorer] [39m[32mMapped {/api/finance/invoices/:id/receipts, POST} (version: 1) route[39m[38;5;3m +0ms[39m
[32m[Nest] 13780  - [39m05/17/2026, 8:38:54 PM [32m    LOG[39m [38;5;3m[PrismaService] [39m[32m✅ Database connected[39m
[32m[Nest] 13780  - [39m05/17/2026, 8:38:54 PM [32m    LOG[39m [38;5;3m[PrismaService] [39m[32m✅ Database connected[39m
[32m[Nest] 13780  - [39m05/17/2026, 8:38:54 PM [32m    LOG[39m [38;5;3m[PrismaService] [39m[32m✅ Database connected[39m
[32m[Nest] 13780  - [39m05/17/2026, 8:38:54 PM [32m    LOG[39m [38;5;3m[PrismaService] [39m[32m✅ Database connected[39m
[32m[Nest] 13780  - [39m05/17/2026, 8:38:54 PM [32m    LOG[39m [38;5;3m[PrismaService] [39m[32m✅ Database connected[39m
[32m[Nest] 13780  - [39m05/17/2026, 8:38:54 PM [32m    LOG[39m [38;5;3m[PrismaService] [39m[32m✅ Database connected[39m
[32m[Nest] 13780  - [39m05/17/2026, 8:38:54 PM [32m    LOG[39m [38;5;3m[PrismaService] [39m[32m✅ Database connected[39m
[32m[Nest] 13780  - [39m05/17/2026, 8:38:54 PM [32m    LOG[39m [38;5;3m[PrismaService] [39m[32m✅ Database connected[39m
[32m[Nest] 13780  - [39m05/17/2026, 8:38:54 PM [32m    LOG[39m [38;5;3m[PrismaService] [39m[32m✅ Database connected[39m
[32m[Nest] 13780  - [39m05/17/2026, 8:38:54 PM [32m    LOG[39m [38;5;3m[PrismaService] [39m[32m✅ Database connected[39m
[32m[Nest] 13780  - [39m05/17/2026, 8:38:54 PM [32m    LOG[39m [38;5;3m[NestApplication] [39m[32mNest application successfully started[39m[38;5;3m +5ms[39m
[32m[Nest] 13780  - [39m05/17/2026, 8:38:54 PM [32m    LOG[39m [38;5;3m[Bootstrap] [39m[32m🚀 API running: http://localhost:3001/api/v1[39m
